Classic Timing Analyzer report for Codificador_74LS148
Mon Jan 26 21:55:40 2026
Quartus II Version 9.1 Build 350 03/24/2010 Service Pack 2 SJ Web Edition


---------------------
; Table of Contents ;
---------------------
  1. Legal Notice
  2. Timing Analyzer Summary
  3. Timing Analyzer Settings
  4. Parallel Compilation
  5. tpd
  6. Timing Analyzer Messages



----------------
; Legal Notice ;
----------------
Copyright (C) 1991-2010 Altera Corporation
Your use of Altera Corporation's design tools, logic functions 
and other software and tools, and its AMPP partner logic 
functions, and any output files from any of the foregoing 
(including device programming or simulation files), and any 
associated documentation or information are expressly subject 
to the terms and conditions of the Altera Program License 
Subscription Agreement, Altera MegaCore Function License 
Agreement, or other applicable license agreement, including, 
without limitation, that your use is for the sole purpose of 
programming logic devices manufactured by Altera and sold by 
Altera or its authorized distributors.  Please refer to the 
applicable agreement for further details.



+-----------------------------------------------------------------------------------------------------------------------+
; Timing Analyzer Summary                                                                                               ;
+------------------------------+-------+---------------+-------------+------+----+------------+----------+--------------+
; Type                         ; Slack ; Required Time ; Actual Time ; From ; To ; From Clock ; To Clock ; Failed Paths ;
+------------------------------+-------+---------------+-------------+------+----+------------+----------+--------------+
; Worst-case tpd               ; N/A   ; None          ; 13.889 ns   ; i[2] ; gs ; --         ; --       ; 0            ;
; Total number of failed paths ;       ;               ;             ;      ;    ;            ;          ; 0            ;
+------------------------------+-------+---------------+-------------+------+----+------------+----------+--------------+


+-----------------------------------------------------------------------------------------------------------------------------------------------------+
; Timing Analyzer Settings                                                                                                                            ;
+------------------------------------------------------------------------------------------------------+--------------------+------+----+-------------+
; Option                                                                                               ; Setting            ; From ; To ; Entity Name ;
+------------------------------------------------------------------------------------------------------+--------------------+------+----+-------------+
; Device Name                                                                                          ; EP2C35F672C6       ;      ;    ;             ;
; Timing Models                                                                                        ; Final              ;      ;    ;             ;
; Default hold multicycle                                                                              ; Same as Multicycle ;      ;    ;             ;
; Cut paths between unrelated clock domains                                                            ; On                 ;      ;    ;             ;
; Cut off read during write signal paths                                                               ; On                 ;      ;    ;             ;
; Cut off feedback from I/O pins                                                                       ; On                 ;      ;    ;             ;
; Report Combined Fast/Slow Timing                                                                     ; Off                ;      ;    ;             ;
; Ignore Clock Settings                                                                                ; Off                ;      ;    ;             ;
; Analyze latches as synchronous elements                                                              ; On                 ;      ;    ;             ;
; Enable Recovery/Removal analysis                                                                     ; Off                ;      ;    ;             ;
; Enable Clock Latency                                                                                 ; Off                ;      ;    ;             ;
; Use TimeQuest Timing Analyzer                                                                        ; Off                ;      ;    ;             ;
; Minimum Core Junction Temperature                                                                    ; 0                  ;      ;    ;             ;
; Maximum Core Junction Temperature                                                                    ; 85                 ;      ;    ;             ;
; Number of source nodes to report per destination node                                                ; 10                 ;      ;    ;             ;
; Number of destination nodes to report                                                                ; 10                 ;      ;    ;             ;
; Number of paths to report                                                                            ; 200                ;      ;    ;             ;
; Report Minimum Timing Checks                                                                         ; Off                ;      ;    ;             ;
; Use Fast Timing Models                                                                               ; Off                ;      ;    ;             ;
; Report IO Paths Separately                                                                           ; Off                ;      ;    ;             ;
; Perform Multicorner Analysis                                                                         ; On                 ;      ;    ;             ;
; Reports the worst-case path for each clock domain and analysis                                       ; Off                ;      ;    ;             ;
; Reports worst-case timing paths for each clock domain and analysis                                   ; On                 ;      ;    ;             ;
; Specifies the maximum number of worst-case timing paths to report for each clock domain and analysis ; 100                ;      ;    ;             ;
; Removes common clock path pessimism (CCPP) during slack computation                                  ; Off                ;      ;    ;             ;
; Output I/O Timing Endpoint                                                                           ; Near End           ;      ;    ;             ;
+------------------------------------------------------------------------------------------------------+--------------------+------+----+-------------+


Parallel compilation was disabled, but you have multiple processors available. Enable parallel compilation to reduce compilation time.
+-------------------------------------+
; Parallel Compilation                ;
+----------------------------+--------+
; Processors                 ; Number ;
+----------------------------+--------+
; Number detected on machine ; 16     ;
; Maximum allowed            ; 1      ;
+----------------------------+--------+


+-----------------------------------------------------------+
; tpd                                                       ;
+-------+-------------------+-----------------+------+------+
; Slack ; Required P2P Time ; Actual P2P Time ; From ; To   ;
+-------+-------------------+-----------------+------+------+
; N/A   ; None              ; 13.889 ns       ; i[2] ; gs   ;
; N/A   ; None              ; 13.512 ns       ; i[6] ; gs   ;
; N/A   ; None              ; 13.464 ns       ; i[1] ; gs   ;
; N/A   ; None              ; 13.170 ns       ; i[4] ; gs   ;
; N/A   ; None              ; 12.949 ns       ; i[2] ; eo   ;
; N/A   ; None              ; 12.568 ns       ; i[6] ; eo   ;
; N/A   ; None              ; 12.526 ns       ; i[3] ; gs   ;
; N/A   ; None              ; 12.524 ns       ; i[1] ; eo   ;
; N/A   ; None              ; 12.448 ns       ; i[0] ; gs   ;
; N/A   ; None              ; 12.226 ns       ; i[4] ; eo   ;
; N/A   ; None              ; 12.066 ns       ; i[7] ; gs   ;
; N/A   ; None              ; 11.813 ns       ; i[2] ; a[0] ;
; N/A   ; None              ; 11.675 ns       ; i[6] ; a[2] ;
; N/A   ; None              ; 11.635 ns       ; i[6] ; a[0] ;
; N/A   ; None              ; 11.634 ns       ; i[2] ; a[1] ;
; N/A   ; None              ; 11.586 ns       ; i[3] ; eo   ;
; N/A   ; None              ; 11.508 ns       ; i[0] ; eo   ;
; N/A   ; None              ; 11.389 ns       ; i[1] ; a[0] ;
; N/A   ; None              ; 11.333 ns       ; i[4] ; a[2] ;
; N/A   ; None              ; 11.298 ns       ; i[4] ; a[0] ;
; N/A   ; None              ; 11.217 ns       ; i[4] ; a[1] ;
; N/A   ; None              ; 11.122 ns       ; i[7] ; eo   ;
; N/A   ; None              ; 10.745 ns       ; i[6] ; a[1] ;
; N/A   ; None              ; 10.434 ns       ; i[7] ; a[0] ;
; N/A   ; None              ; 10.298 ns       ; i[3] ; a[1] ;
; N/A   ; None              ; 10.229 ns       ; i[7] ; a[2] ;
; N/A   ; None              ; 9.505 ns        ; i[3] ; a[0] ;
; N/A   ; None              ; 9.279 ns        ; i[7] ; a[1] ;
; N/A   ; None              ; 8.816 ns        ; i[5] ; gs   ;
; N/A   ; None              ; 8.244 ns        ; ei   ; gs   ;
; N/A   ; None              ; 7.872 ns        ; i[5] ; eo   ;
; N/A   ; None              ; 7.264 ns        ; ei   ; eo   ;
; N/A   ; None              ; 6.979 ns        ; i[5] ; a[2] ;
; N/A   ; None              ; 6.944 ns        ; i[5] ; a[0] ;
; N/A   ; None              ; 6.444 ns        ; i[5] ; a[1] ;
; N/A   ; None              ; 6.062 ns        ; ei   ; a[2] ;
; N/A   ; None              ; 6.040 ns        ; ei   ; a[0] ;
; N/A   ; None              ; 5.820 ns        ; ei   ; a[1] ;
+-------+-------------------+-----------------+------+------+


+--------------------------+
; Timing Analyzer Messages ;
+--------------------------+
Info: *******************************************************************
Info: Running Quartus II Classic Timing Analyzer
    Info: Version 9.1 Build 350 03/24/2010 Service Pack 2 SJ Web Edition
    Info: Processing started: Mon Jan 26 21:55:40 2026
Info: Command: quartus_tan --read_settings_files=off --write_settings_files=off Codificador_74LS148 -c Codificador_74LS148 --timing_analysis_only
Info: Longest tpd from source pin "i[2]" to destination pin "gs" is 13.889 ns
    Info: 1: + IC(0.000 ns) + CELL(0.880 ns) = 0.880 ns; Loc. = PIN_W8; Fanout = 3; PIN Node = 'i[2]'
    Info: 2: + IC(6.347 ns) + CELL(0.275 ns) = 7.502 ns; Loc. = LCCOMB_X24_Y32_N10; Fanout = 2; COMB Node = 'Equal0~1'
    Info: 3: + IC(0.270 ns) + CELL(0.438 ns) = 8.210 ns; Loc. = LCCOMB_X24_Y32_N12; Fanout = 1; COMB Node = 'gs~0'
    Info: 4: + IC(2.891 ns) + CELL(2.788 ns) = 13.889 ns; Loc. = PIN_AC11; Fanout = 0; PIN Node = 'gs'
    Info: Total cell delay = 4.381 ns ( 31.54 % )
    Info: Total interconnect delay = 9.508 ns ( 68.46 % )
Info: Quartus II Classic Timing Analyzer was successful. 0 errors, 0 warnings
    Info: Peak virtual memory: 178 megabytes
    Info: Processing ended: Mon Jan 26 21:55:40 2026
    Info: Elapsed time: 00:00:00
    Info: Total CPU time (on all processors): 00:00:00


